// Jest Snapshot v1, https://goo.gl/fbAQLP

exports[`<Example /> should render the heading 1`] = `
.c0 {
  background-color: #26282b;
  color: #fff;
  width: 100%;
  height: 100%;
  display: -webkit-box;
  display: -webkit-flex;
  display: -ms-flexbox;
  display: flex;
  -webkit-box-pack: center;
  -webkit-justify-content: center;
  -ms-flex-pack: center;
  justify-content: center;
  -webkit-align-items: center;
  -webkit-box-align: center;
  -ms-flex-align: center;
  align-items: center;
}

.c2 {
  font-size: 6rem;
  color: #fcfcfc;
}

.c1 {
  width: 400px;
  height: 400px;
  padding: 50px;
  border: 3px solid #26282b;
  border-radius: 50%;
  box-shadow: 0 -15px 15px rgba(255,255,255,0.05),inset 0 -15px 15px rgba(255,255,255,0.05),0 15px 15px rgba(0,0,0,0.3),inset 0 15px 15px rgba(0,0,0,0.3);
  display: -webkit-box;
  display: -webkit-flex;
  display: -ms-flexbox;
  display: flex;
  -webkit-align-items: center;
  -webkit-box-align: center;
  -ms-flex-align: center;
  align-items: center;
  -webkit-box-pack: center;
  -webkit-justify-content: center;
  -ms-flex-pack: center;
  justify-content: center;
  text-align: center;
}

<main
  class="c0"
>
  <div
    class="c1"
  >
    <h1
      class="c2"
    >
      Hello World!
    </h1>
  </div>
</main>
`
